// Jest Snapshot v1, https://goo.gl/fbAQLP

exports[`renders correctly 1`] = `
<body>
  <div>
    <div
      class="MuiPaper-root MuiCard-root makeStyles-root-1 MuiPaper-elevation0 MuiPaper-rounded"
    >
      <div
        class="MuiCardContent-root makeStyles-column-3"
      >
        <div
          class="makeStyles-row-2"
        >
          <svg
            aria-hidden="true"
            class="MuiSvgIcon-root"
            focusable="false"
            viewBox="0 0 24 24"
          >
            <path
              d="M12 12c2.21 0 4-1.79 4-4s-1.79-4-4-4-4 1.79-4 4 1.79 4 4 4zm0 2c-2.67 0-8 1.34-8 4v2h16v-2c0-2.66-5.33-4-8-4z"
            />
          </svg>
          <p
            class="MuiTypography-root makeStyles-bold-7 makeStyles-overflow-8 MuiTypography-body1"
          >
            FirstName LastName
          </p>
        </div>
        <div
          class="makeStyles-row-2"
        >
          <p
            class="MuiTypography-root makeStyles-rounded-6 makeStyles-title-4 MuiTypography-body1 MuiTypography-colorTextSecondary MuiTypography-alignCenter"
          >
            1
          </p>
          <p
            class="MuiTypography-root makeStyles-title-4 makeStyles-overflow-8 MuiTypography-body1 MuiTypography-colorTextSecondary"
          >
            Mocked campaign
          </p>
        </div>
        <h6
          class="MuiTypography-root makeStyles-title-4 makeStyles-bold-7 MuiTypography-h6 MuiTypography-colorError"
        >
          # 1
        </h6>
      </div>
    </div>
  </div>
</body>
`;
